// Jest Snapshot v1, https://goo.gl/fbAQLP

exports[`it renders a loading indicator when appropriate 1`] = `
<div>
  <span>
    <svg
      fill="none"
      height={64}
      stroke="currentColor"
      strokeLinecap="round"
      strokeLinejoin="round"
      strokeWidth="2"
      viewBox="0 0 24 24"
      width={64}
      xmlns="http://www.w3.org/2000/svg"
    >
      <line
        x1="12"
        x2="12"
        y1="2"
        y2="6"
      />
      <line
        x1="12"
        x2="12"
        y1="18"
        y2="22"
      />
      <line
        x1="4.93"
        x2="7.76"
        y1="4.93"
        y2="7.76"
      />
      <line
        x1="16.24"
        x2="19.07"
        y1="16.24"
        y2="19.07"
      />
      <line
        x1="2"
        x2="6"
        y1="12"
        y2="12"
      />
      <line
        x1="18"
        x2="22"
        y1="12"
        y2="12"
      />
      <line
        x1="4.93"
        x2="7.76"
        y1="19.07"
        y2="16.24"
      />
      <line
        x1="16.24"
        x2="19.07"
        y1="7.76"
        y2="4.93"
      />
    </svg>
  </span>
  <span>
    Fetching Data...
  </span>
</div>
`;

exports[`it shows error when appropriate 1`] = `
<div>
  Data Fetch Error
</div>
`;

exports[`renders the correct tree 1`] = `
Array [
  "Meta",
  <CategoryContent
    categoryId={3}
    classes={Object {}}
    data={
      Object {
        "products": Object {
          "page_info": Object {
            "total_pages": 6,
          },
        },
      }
    }
    pageControl={
      Object {
        "currentPage": 1,
        "setPage": [MockFunction],
        "totalPages": 6,
      }
    }
    pageSize={12}
    sortProps={
      Array [
        Object {
          "sortAttribute": "relevance",
          "sortDirection": "DESC",
          "sortText": "Best Match",
        },
        [MockFunction],
      ]
    }
  />,
]
`;
