// Jest Snapshot v1, https://goo.gl/fbAQLP

exports[`should render a braintree summary 1`] = `
<div
  className="root"
>
  <div
    className="heading_container"
  >
    <h5
      className="heading"
    >
      <mock-FormattedMessage
        defaultMessage="Payment Information"
        id="checkoutPage.paymentInformation"
      />
    </h5>
    <button
      className="edit_button"
      disabled={false}
      onClick={[MockFunction]}
      type="button"
    >
      <span
        className="content"
      >
        <span
          className="root"
        >
          <svg
            className="icon"
            fill="none"
            height={16}
            stroke="currentColor"
            strokeLinecap="round"
            strokeLinejoin="round"
            strokeWidth="2"
            viewBox="0 0 24 24"
            width={16}
            xmlns="http://www.w3.org/2000/svg"
          >
            <path
              d="M17 3a2.828 2.828 0 1 1 4 4L7.5 20.5 2 22l1.5-5.5L17 3z"
            />
          </svg>
        </span>
        <span
          className="edit_text"
        >
          <mock-FormattedMessage
            defaultMessage="Edit"
            id="global.editButton"
          />
        </span>
      </span>
    </button>
  </div>
  <div
    className="card_details_container"
  >
    <span
      className="payment_type"
    >
      <mock-FormattedMessage
        defaultMessage="Credit Card"
        id="global.creditCard"
      />
    </span>
    <span
      className="payment_details"
    >
      visa ending in 1234
    </span>
  </div>
  <div
    className="address_summary_container"
  >
    <div>
      <span
        className="first_name"
      >
        Goosey
      </span>
      <span
        className="last_name"
      >
        Goose
      </span>
    </div>
    <div>
      <span
        className="street1"
      >
        12345 Goosey Blvd
      </span>
      <span
        className="street2"
      >
        Apt 123
      </span>
      <span
        className="city"
      >
        Austin
      </span>
      <span
        className="state"
      >
        Texas
      </span>
    </div>
    <div>
      <span
        className="postalCode"
      >
        12345
      </span>
      <span
        className="country"
      >
        Goose Land
      </span>
    </div>
  </div>
</div>
`;

exports[`should render a loading indicator 1`] = `
<div
  className="root"
>
  <span
    className="root"
  >
    <svg
      className="icon"
      fill="none"
      height={64}
      stroke="currentColor"
      strokeLinecap="round"
      strokeLinejoin="round"
      strokeWidth="2"
      viewBox="0 0 24 24"
      width={64}
      xmlns="http://www.w3.org/2000/svg"
    >
      <line
        x1="12"
        x2="12"
        y1="2"
        y2="6"
      />
      <line
        x1="12"
        x2="12"
        y1="18"
        y2="22"
      />
      <line
        x1="4.93"
        x2="7.76"
        y1="4.93"
        y2="7.76"
      />
      <line
        x1="16.24"
        x2="19.07"
        y1="16.24"
        y2="19.07"
      />
      <line
        x1="2"
        x2="6"
        y1="12"
        y2="12"
      />
      <line
        x1="18"
        x2="22"
        y1="12"
        y2="12"
      />
      <line
        x1="4.93"
        x2="7.76"
        y1="19.07"
        y2="16.24"
      />
      <line
        x1="16.24"
        x2="19.07"
        y1="7.76"
        y2="4.93"
      />
    </svg>
  </span>
  <span
    className="message"
  >
    <mock-FormattedMessage
      defaultMessage="Fetching Payment Information"
      id="checkoutPage.loadingPaymentInformation"
    />
  </span>
</div>
`;

exports[`should render a non-braintree summary 1`] = `
<div
  className="root"
>
  <div
    className="heading_container"
  >
    <h5
      className="heading"
    >
      <mock-FormattedMessage
        defaultMessage="Payment Information"
        id="checkoutPage.paymentInformation"
      />
    </h5>
  </div>
  <div
    className="card_details_container"
  >
    <span
      className="payment_details"
    >
      Free!
    </span>
  </div>
</div>
`;
