// Jest Snapshot v1, https://goo.gl/fbAQLP

exports[`should render properly 1`] = `
<div>
  <div>
    <div
      componentName="Formatted Message Component"
      defaultMessage="Billing Information"
      id="orderDetails.billingInformationLabel"
    />
  </div>
  <div>
    <span>
      Gooseton
    </span>
    <span>
      Jr
    </span>
  </div>
  <div>
    2134, Apt 123, Goose Drive
  </div>
  <div>
    Austin, TX, 78451
  </div>
  <div>
    USA
  </div>
</div>
`;
