// Jest Snapshot v1, https://goo.gl/fbAQLP

exports[`should render properly 1`] = `
<div>
  <h3>
    <mock-FormattedMessage
      defaultMessage="Items"
      id="orderItems.itemsHeading"
    />
  </h3>
  <div>
    <div
      componentName="Item Component"
      id={1094}
      product_name="Product 3"
      product_sale_price="$100.00"
      product_sku="VA03"
      product_url_key="valeria-two-layer-tank"
      quantity_ordered={1}
      selected_options={
        Array [
          Object {
            "label": "Color",
            "value": "Blue",
          },
        ]
      }
      sku="VA03"
      thumbnail={
        Object {
          "url": "https://master-7rqtwti-mfwmkrjfqvbjk.us-4.magentosite.cloud/media/catalog/product/cache/d3ba9f7bcd3b0724e976dc5144b29c7d/v/s/vsw01-rn_main_2.jpg",
        }
      }
      url_key="valeria-two-layer-tank"
      url_suffix=".html"
    />
    <div
      componentName="Item Component"
      id={1103}
      product_name="Product 4"
      product_sale_price="$100.00"
      product_sku="VP08"
      product_url_key="chloe-silk-shell"
      quantity_ordered={1}
      selected_options={
        Array [
          Object {
            "label": "Color",
            "value": "Black",
          },
        ]
      }
      sku="VP08"
      thumbnail={
        Object {
          "url": "https://master-7rqtwti-mfwmkrjfqvbjk.us-4.magentosite.cloud/media/catalog/product/cache/d3ba9f7bcd3b0724e976dc5144b29c7d/v/s/vsw01-rn_main_2.jpg",
        }
      }
      url_key="chloe-silk-shell"
      url_suffix=".html"
    />
    <div
      componentName="Item Component"
      id={1108}
      product_name="Product 5"
      product_sale_price="$100.00"
      product_sku="VSW09"
      product_url_key="helena-cardigan"
      quantity_ordered={1}
      selected_options={
        Array [
          Object {
            "label": "Color",
            "value": "Orange",
          },
        ]
      }
      sku="VSW09"
      thumbnail={
        Object {
          "url": "https://master-7rqtwti-mfwmkrjfqvbjk.us-4.magentosite.cloud/media/catalog/product/cache/d3ba9f7bcd3b0724e976dc5144b29c7d/v/s/vsw01-rn_main_2.jpg",
        }
      }
      url_key="helena-cardigan"
      url_suffix=".html"
    />
  </div>
</div>
`;
