// Jest Snapshot v1, https://goo.gl/fbAQLP

exports[`should render properly 1`] = `
<div>
  <div>
    <div
      componentName="Formatted Message Component"
      defaultMessage="Payment Method"
      id="orderDetails.paymentMethodLabel"
    />
  </div>
  <div>
    Credit Card - Visa
  </div>
  <div>
    1234
  </div>
</div>
`;
