// Jest Snapshot v1, https://goo.gl/fbAQLP

exports[`renders accumulated discount value 1`] = `
Array [
  <span
    className="lineItemLabel"
  >
    <mock-FormattedMessage
      defaultMessage="Discounts applied"
      id="discountSummary.lineItemLabel"
    />
  </span>,
  <span
    className="price"
  >
    -
    <span>
      $
    </span>
    <span>
      2
    </span>
    <span>
      .
    </span>
    <span>
      00
    </span>
  </span>,
]
`;

exports[`renders discount summary line item correctly 1`] = `
Array [
  <span
    className="lineItemLabel"
  >
    <mock-FormattedMessage
      defaultMessage="Discounts applied"
      id="discountSummary.lineItemLabel"
    />
  </span>,
  <span
    className="price"
  >
    -
    <span>
      $
    </span>
    <span>
      10
    </span>
    <span>
      .
    </span>
    <span>
      00
    </span>
  </span>,
]
`;

exports[`renders nothing if discount data is empty 1`] = `null`;

exports[`renders nothing if discount value is "0" 1`] = `null`;
