// Jest Snapshot v1, https://goo.gl/fbAQLP

exports[`should return correct shape 1`] = `
Object {
  "availableStores": Map {
    "store1" => Object {
      "currency": "USD",
      "isCurrent": false,
      "locale": "locale1",
      "storeName": "Store 1",
    },
    "store2" => Object {
      "currency": "EUR",
      "isCurrent": true,
      "locale": "locale2",
      "storeName": "Store 2",
    },
  },
  "currentStoreName": "Store 2",
  "handleSwitchStore": [Function],
  "handleTriggerClick": [Function],
  "storeMenuIsOpen": false,
  "storeMenuRef": "elementRef",
  "storeMenuTriggerRef": [MockFunction],
}
`;
