// Jest Snapshot v1, https://goo.gl/fbAQLP

exports[`renders address form and methods with address set 1`] = `
<div
  className="root"
>
  <p
    className="message"
  >
    For shipping estimates before proceeding to checkout, please provide the Country, State, and ZIP for the destination of your order.
  </p>
  <ShippingForm
    hasMethods={2}
    selectedShippingFields={
      Object {
        "country": "US",
        "region": "TX",
        "zip": "78701",
      }
    }
  />
  <h3
    className="prompt"
  >
    Shipping Methods
  </h3>
  <form
    onKeyDown={[Function]}
    onReset={[Function]}
    onSubmit={[Function]}
  >
    <ShippingRadios
      selectedShippingMethod="usps|priority"
      shippingMethods={
        Array [
          Object {
            "amount": Object {
              "value": 0,
            },
            "method_title": "Free",
          },
          Object {
            "amount": Object {
              "value": 100,
            },
            "method_title": "Expensive",
          },
        ]
      }
    />
  </form>
</div>
`;

exports[`renders address form when confirm link clicked 1`] = `
<div
  className="root"
>
  <p
    className="message"
  >
    For shipping estimates before proceeding to checkout, please provide the Country, State, and ZIP for the destination of your order.
  </p>
  <ShippingForm
    hasMethods={0}
    selectedShippingFields={
      Object {
        "country": "US",
        "region": "",
        "zip": "",
      }
    }
  />
</div>
`;

exports[`renders description and confirm link w/o shipping address set 1`] = `
<div
  className="root"
>
  <p
    className="message"
  >
    For shipping estimates before proceeding to checkout, please provide the Country, State, and ZIP for the destination of your order.
  </p>
  <button
    className="root_normalPriority"
    disabled={false}
    onClick={[Function]}
    type="button"
  >
    <span
      className="content"
    >
      I want to estimate my shipping
    </span>
  </button>
</div>
`;
