// Jest Snapshot v1, https://goo.gl/fbAQLP

exports[`renders null when loading 1`] = `null`;
