// Jest Snapshot v1, https://goo.gl/fbAQLP

exports[`renders correctly 1`] = `
<form
  className="root"
  onKeyDown={[Function]}
  onReset={[Function]}
  onSubmit={[Function]}
>
  <div
    className="root"
  >
    <label
      className="label"
    >
      Email address
    </label>
    <span
      className="root"
      style={
        Object {
          "--iconsAfter": 0,
          "--iconsBefore": 0,
        }
      }
    >
      <span
        className="input"
      >
        <input
          autoComplete="email"
          className="input"
          name="email"
          onBlur={[Function]}
          onChange={[Function]}
          value=""
        />
      </span>
      <span
        className="before"
      />
      <span
        className="after"
      />
    </span>
    <p
      className="root"
    />
  </div>
  <div
    className="buttonContainer"
  >
    <button
      className="cancelButton"
      disabled={false}
      type="button"
    >
      <span
        className="content"
      >
        <mock-FormattedMessage
          defaultMessage="Cancel"
          id="forgotPasswordForm.cancelButtonText"
        />
      </span>
    </button>
    <button
      className="submitButton"
      disabled={false}
      type="submit"
    >
      <span
        className="content"
      >
        <mock-FormattedMessage
          defaultMessage="Submit"
          id="forgotPasswordForm.submitButtonText"
        />
      </span>
    </button>
  </div>
</form>
`;
