// Jest Snapshot v1, https://goo.gl/fbAQLP

exports[`it renders list of items 1`] = `
<div
  className="root"
>
  <WishlistItem
    item={
      Object {
        "id": 1,
        "sku": "chain-wallet",
      }
    }
  />
  <WishlistItem
    item={
      Object {
        "id": 2,
        "sku": "nike-shoes",
      }
    }
  />
</div>
`;
