// Jest Snapshot v1, https://goo.gl/fbAQLP

exports[`should return correct shape 1`] = `
Object {
  "handleAccountCreation": [Function],
  "handleCancel": [Function],
  "handleCreateAccount": [Function],
  "handleForgotPassword": [Function],
  "handleSignOut": [Function],
  "updateUsername": [Function],
  "username": "",
  "view": "ACCOUNT",
}
`;
