// Jest Snapshot v1, https://goo.gl/fbAQLP

exports[`Should render properly 1`] = `
<div
  className="root"
>
  <Item
    closeMiniCart={[MockFunction closeMiniCart]}
    handleRemoveItem={[MockFunction handleRemoveItem]}
    id="1"
    product={
      Object {
        "name": "Simple Product",
      }
    }
  />
</div>
`;
