// Jest Snapshot v1, https://goo.gl/fbAQLP

exports[`returns the correct shape 1`] = `
Object {
  "categoryData": Object {
    "products": Object {
      "page_info": Object {
        "total_pages": 6,
      },
    },
  },
  "error": null,
  "loading": false,
  "metaDescription": "",
  "pageControl": Object {
    "currentPage": 3,
    "setPage": [MockFunction],
    "totalPages": 6,
  },
  "pageSize": 12,
  "sortProps": Array [
    Object {
      "sortAttribute": "relevance",
      "sortDirection": "DESC",
      "sortText": "Best Match",
    },
    [MockFunction],
  ],
}
`;
