// Jest Snapshot v1, https://goo.gl/fbAQLP

exports[`renders correctly when there are existing addresses 1`] = `
<div
  className="root"
>
  Title
  <h1
    className="heading"
  >
    Address Book
  </h1>
  <div
    className="content"
  >
    <AddressCard
      address={
        Object {
          "country_code": "US",
          "default_shipping": true,
          "id": "b",
        }
      }
      countryName="United States"
    />
    <AddressCard
      address={
        Object {
          "country_code": "US",
          "id": "a",
        }
      }
      countryName="United States"
    />
    <AddressCard
      address={
        Object {
          "country_code": "FR",
          "id": "c",
        }
      }
    />
    <button
      className="addButton"
      disabled={false}
      onClick={[MockFunction handleAddAddress]}
      type="button"
    >
      <span
        className="content"
      >
        <Icon
          classes={
            Object {
              "icon": "addIcon",
            }
          }
          size={24}
          src={[Function]}
        />
        <span
          className="addText"
        >
          <mock-FormattedMessage
            defaultMessage="Add an Address"
            id="addressBookPage.addAddressText"
          />
        </span>
      </span>
    </button>
  </div>
</div>
`;

exports[`renders correctly when there are no existing addresses 1`] = `
<div
  className="root"
>
  Title
  <h1
    className="heading"
  >
    Address Book
  </h1>
  <div
    className="content"
  >
    <button
      className="addButton"
      disabled={false}
      onClick={[MockFunction handleAddAddress]}
      type="button"
    >
      <span
        className="content"
      >
        <Icon
          classes={
            Object {
              "icon": "addIcon",
            }
          }
          size={24}
          src={[Function]}
        />
        <span
          className="addText"
        >
          <mock-FormattedMessage
            defaultMessage="Add an Address"
            id="addressBookPage.addAddressText"
          />
        </span>
      </span>
    </button>
  </div>
</div>
`;

exports[`renders loading indicator 1`] = `
<div
  className="global"
>
  <Icon
    classes={
      Object {
        "icon": "indicator",
      }
    }
    size={64}
    src={[Function]}
  />
  <span
    className="message"
  >
    <mock-FormattedMessage
      defaultMessage="Fetching Data..."
      id="loadingIndicator.message"
    />
  </span>
</div>
`;
