// Jest Snapshot v1, https://goo.gl/fbAQLP

exports[`disables all child radios when disable prop is truthy 1`] = `
Array [
  <div>
    <label>
      <input
        checked={false}
        disabled={true}
        onBlur={[Function]}
        onChange={[Function]}
        type="radio"
        value="1"
      />
      <span>
        <svg
          fill="none"
          height="24"
          stroke="currentColor"
          strokeLinecap="round"
          strokeLinejoin="round"
          strokeWidth="2"
          viewBox="0 0 24 24"
          width="24"
          xmlns="http://www.w3.org/2000/svg"
        >
          <circle
            cx="12"
            cy="12"
            r="10"
          />
        </svg>
      </span>
      <span>
        one
      </span>
    </label>
    <label>
      <input
        checked={false}
        disabled={true}
        onBlur={[Function]}
        onChange={[Function]}
        type="radio"
        value="2"
      />
      <span>
        <svg
          fill="none"
          height="24"
          stroke="currentColor"
          strokeLinecap="round"
          strokeLinejoin="round"
          strokeWidth="2"
          viewBox="0 0 24 24"
          width="24"
          xmlns="http://www.w3.org/2000/svg"
        >
          <circle
            cx="12"
            cy="12"
            r="10"
          />
        </svg>
      </span>
      <span>
        holy moly two has a lot of content
      </span>
    </label>
    <label>
      <input
        checked={false}
        disabled={true}
        onBlur={[Function]}
        onChange={[Function]}
        type="radio"
        value="3"
      />
      <span>
        <svg
          fill="none"
          height="24"
          stroke="currentColor"
          strokeLinecap="round"
          strokeLinejoin="round"
          strokeWidth="2"
          viewBox="0 0 24 24"
          width="24"
          xmlns="http://www.w3.org/2000/svg"
        >
          <circle
            cx="12"
            cy="12"
            r="10"
          />
        </svg>
      </span>
      <span>
        three
      </span>
    </label>
    <label>
      <input
        checked={false}
        disabled={true}
        onBlur={[Function]}
        onChange={[Function]}
        type="radio"
        value="4"
      />
      <span>
        <svg
          fill="none"
          height="24"
          stroke="currentColor"
          strokeLinecap="round"
          strokeLinejoin="round"
          strokeWidth="2"
          viewBox="0 0 24 24"
          width="24"
          xmlns="http://www.w3.org/2000/svg"
        >
          <circle
            cx="12"
            cy="12"
            r="10"
          />
        </svg>
      </span>
      <span>
        four
      </span>
    </label>
    <label>
      <input
        checked={false}
        disabled={true}
        onBlur={[Function]}
        onChange={[Function]}
        type="radio"
        value="5"
      />
      <span>
        <svg
          fill="none"
          height="24"
          stroke="currentColor"
          strokeLinecap="round"
          strokeLinejoin="round"
          strokeWidth="2"
          viewBox="0 0 24 24"
          width="24"
          xmlns="http://www.w3.org/2000/svg"
        >
          <circle
            cx="12"
            cy="12"
            r="10"
          />
        </svg>
      </span>
      <span>
        five
      </span>
    </label>
    <label>
      <input
        checked={false}
        disabled={true}
        onBlur={[Function]}
        onChange={[Function]}
        type="radio"
        value="6"
      />
      <span>
        <svg
          fill="none"
          height="24"
          stroke="currentColor"
          strokeLinecap="round"
          strokeLinejoin="round"
          strokeWidth="2"
          viewBox="0 0 24 24"
          width="24"
          xmlns="http://www.w3.org/2000/svg"
        >
          <circle
            cx="12"
            cy="12"
            r="10"
          />
        </svg>
      </span>
      <span>
        six six six six six
      </span>
    </label>
    <label>
      <input
        checked={false}
        disabled={true}
        onBlur={[Function]}
        onChange={[Function]}
        type="radio"
        value="7"
      />
      <span>
        <svg
          fill="none"
          height="24"
          stroke="currentColor"
          strokeLinecap="round"
          strokeLinejoin="round"
          strokeWidth="2"
          viewBox="0 0 24 24"
          width="24"
          xmlns="http://www.w3.org/2000/svg"
        >
          <circle
            cx="12"
            cy="12"
            r="10"
          />
        </svg>
      </span>
      <span>
        this 7th one
      </span>
    </label>
    <label>
      <input
        checked={false}
        disabled={true}
        onBlur={[Function]}
        onChange={[Function]}
        type="radio"
        value="whatever"
      />
      <span>
        <svg
          fill="none"
          height="24"
          stroke="currentColor"
          strokeLinecap="round"
          strokeLinejoin="round"
          strokeWidth="2"
          viewBox="0 0 24 24"
          width="24"
          xmlns="http://www.w3.org/2000/svg"
        >
          <circle
            cx="12"
            cy="12"
            r="10"
          />
        </svg>
      </span>
      <span>
        disabled
      </span>
    </label>
  </div>,
  <p />,
]
`;

exports[`renders as expected 1`] = `
Array [
  <div>
    <label>
      <input
        checked={false}
        onBlur={[Function]}
        onChange={[Function]}
        type="radio"
        value="1"
      />
      <span>
        <svg
          fill="none"
          height="24"
          stroke="currentColor"
          strokeLinecap="round"
          strokeLinejoin="round"
          strokeWidth="2"
          viewBox="0 0 24 24"
          width="24"
          xmlns="http://www.w3.org/2000/svg"
        >
          <circle
            cx="12"
            cy="12"
            r="10"
          />
        </svg>
      </span>
      <span>
        one
      </span>
    </label>
    <label>
      <input
        checked={false}
        onBlur={[Function]}
        onChange={[Function]}
        type="radio"
        value="2"
      />
      <span>
        <svg
          fill="none"
          height="24"
          stroke="currentColor"
          strokeLinecap="round"
          strokeLinejoin="round"
          strokeWidth="2"
          viewBox="0 0 24 24"
          width="24"
          xmlns="http://www.w3.org/2000/svg"
        >
          <circle
            cx="12"
            cy="12"
            r="10"
          />
        </svg>
      </span>
      <span>
        holy moly two has a lot of content
      </span>
    </label>
    <label>
      <input
        checked={false}
        onBlur={[Function]}
        onChange={[Function]}
        type="radio"
        value="3"
      />
      <span>
        <svg
          fill="none"
          height="24"
          stroke="currentColor"
          strokeLinecap="round"
          strokeLinejoin="round"
          strokeWidth="2"
          viewBox="0 0 24 24"
          width="24"
          xmlns="http://www.w3.org/2000/svg"
        >
          <circle
            cx="12"
            cy="12"
            r="10"
          />
        </svg>
      </span>
      <span>
        three
      </span>
    </label>
    <label>
      <input
        checked={false}
        onBlur={[Function]}
        onChange={[Function]}
        type="radio"
        value="4"
      />
      <span>
        <svg
          fill="none"
          height="24"
          stroke="currentColor"
          strokeLinecap="round"
          strokeLinejoin="round"
          strokeWidth="2"
          viewBox="0 0 24 24"
          width="24"
          xmlns="http://www.w3.org/2000/svg"
        >
          <circle
            cx="12"
            cy="12"
            r="10"
          />
        </svg>
      </span>
      <span>
        four
      </span>
    </label>
    <label>
      <input
        checked={false}
        onBlur={[Function]}
        onChange={[Function]}
        type="radio"
        value="5"
      />
      <span>
        <svg
          fill="none"
          height="24"
          stroke="currentColor"
          strokeLinecap="round"
          strokeLinejoin="round"
          strokeWidth="2"
          viewBox="0 0 24 24"
          width="24"
          xmlns="http://www.w3.org/2000/svg"
        >
          <circle
            cx="12"
            cy="12"
            r="10"
          />
        </svg>
      </span>
      <span>
        five
      </span>
    </label>
    <label>
      <input
        checked={false}
        onBlur={[Function]}
        onChange={[Function]}
        type="radio"
        value="6"
      />
      <span>
        <svg
          fill="none"
          height="24"
          stroke="currentColor"
          strokeLinecap="round"
          strokeLinejoin="round"
          strokeWidth="2"
          viewBox="0 0 24 24"
          width="24"
          xmlns="http://www.w3.org/2000/svg"
        >
          <circle
            cx="12"
            cy="12"
            r="10"
          />
        </svg>
      </span>
      <span>
        six six six six six
      </span>
    </label>
    <label>
      <input
        checked={false}
        onBlur={[Function]}
        onChange={[Function]}
        type="radio"
        value="7"
      />
      <span>
        <svg
          fill="none"
          height="24"
          stroke="currentColor"
          strokeLinecap="round"
          strokeLinejoin="round"
          strokeWidth="2"
          viewBox="0 0 24 24"
          width="24"
          xmlns="http://www.w3.org/2000/svg"
        >
          <circle
            cx="12"
            cy="12"
            r="10"
          />
        </svg>
      </span>
      <span>
        this 7th one
      </span>
    </label>
    <label>
      <input
        checked={false}
        disabled={true}
        onBlur={[Function]}
        onChange={[Function]}
        type="radio"
        value="whatever"
      />
      <span>
        <svg
          fill="none"
          height="24"
          stroke="currentColor"
          strokeLinecap="round"
          strokeLinejoin="round"
          strokeWidth="2"
          viewBox="0 0 24 24"
          width="24"
          xmlns="http://www.w3.org/2000/svg"
        >
          <circle
            cx="12"
            cy="12"
            r="10"
          />
        </svg>
      </span>
      <span>
        disabled
      </span>
    </label>
  </div>,
  <p />,
]
`;
